<CLEAR>
<CLEAR>
<SMSO>test/usage.md 2570B 0%                                                          <RMSO>
<2;1>
ae 1.3.0<3;1>
========<5;1>
A minimalist version of `vi(1)`.  It is an example of the "Buffer Gap" method ou<6;1>
tlined in the [The Craft Of Text Editing](http://www.finseth.com/craft/) used by<7;2>
many Emacs style editors.<10;1>
Usage<11;1>
-----<13;5>
ae [filename]<15;1>
Read or create a text file; default filename is `a.txt`.  Text files consists of<16;2>
lines of printable text, tabs, or newline characters.  A physical line can be o<17;1>
f arbitrary length and is delimited by either a newline or the end of file.  Tab<18;2>
stops are every eight columns.  The behaviour of non-printable characters may v<19;1>
ary depending on the implementation of the Curses library, `stty(1)` settings, o<20;1>
r terminal emulator.<23;1>
Commands<24;1>
--------<2;1>
<1;21>
<SMSO>100%<RMSO>
<2;1>
<EL>
<3;1>
<SMSO>^D<EL>
<RMSO>
<5;1>
<EL>
<6;1>
<EL>
<7;2>
<EL>
<10;1>
<EL>
<11;1>
<EL>
<13;5>
<EL>
<15;1>
<EL>
<16;2>
<EL>
<17;1>
<EL>
<18;2>
<EL>
<19;1>
<EL>
<20;1>
<EL>
<23;1>
<EL>
<24;1>
<EL>
<2;1>
<1;21>
<SMSO>99% <RMSO>
<2;5>
$ LINES=10 ./ae file<3;1>
<EL>
<4;1>
<SMSO>^D<RMSO>
<2;25>
<1;22>
<SMSO>8<RMSO>
<2;5>
<EL>
<3;5>
$ LINES=10 ./ae file<4;1>
<EL>
<5;1>
<SMSO>^D<RMSO>
<2;1>
<1;22>
<SMSO>6<RMSO>
<2;1>
terminal window size for easier testing and debugging, eg.<3;5>
<EL>
<4;5>
$ LINES=10 ./ae file<5;1>
<EL>
<6;1>
<SMSO>^D<RMSO>
<2;1>
<24;1>
