<CLEAR>
<CLEAR>
<SMSO>test/short.txt 119B 0%                                                          <RMSO>
<2;1>
hello   world<3;1>
this file might be a<4;1>
little rude fart face<5;1>
empty line<7;1>
blank line<9;1>
qwerty butt<10;9>
tab indent<11;1>
-last line-<13;1>
<SMSO>^D<RMSO>
<2;1>
<1;1>
<SMSO>/             <RMSO>
 <SMSO>    <RMSO>
 <SMSO>  <RMSO>
<1;2>
<SMSO>r<RMSO>
<SMSO>u<RMSO>
<SMSO>d<RMSO>
<SMSO>e<RMSO>
<1;1>
<SMSO>test/short.txt<RMSO>
 <SMSO>119B<RMSO>
 <SMSO>33%<RMSO>
<4;8>
<1;21>
<SMSO>18<RMSO>
<3;11>
<SMSO>might be a<RMSO>
<4;1>
<SMSO>little <RMSO>
<3;11>
might be a<4;1>
little <3;11>
<24;1>
