<CLEAR>
<CLEAR>
<SMSO>a.txt 5B 0%                                                                     <RMSO>
<2;1>
ðŸ”¥<4;1>
<SMSO>^D<RMSO>
<2;1>
<1;10>
<SMSO>80%<RMSO>
<2;3>
<1;10>
<SMSO>1<RMSO>
 <SMSO>0%<RMSO>
<3;1>
<24;1>
