<CLEAR>
<CLEAR>
<SMSO>test/usage.md 0B                                                                <RMSO>
<2;1>
ae 1.3.0<3;1>
========<5;1>
A minimalist version of `vi(1)`.  It is an example of the "Buffer Gap" method ou<6;1>
tlined in the [The Craft Of Text Editing](http://www.finseth.com/craft/) used by<7;2>
many Emacs style editors.<10;1>
Usage<11;1>
-----<13;5>
ae [filename]<15;1>
Read or create a text file; default filename is `a.txt`.  Text files consists of<16;2>
lines of printable text, tabs, or newline characters.  A physical line can be o<17;1>
f arbitrary length and is delimited by either a newline or the end of file.  Tab<18;2>
stops are every eight columns.  The behaviour of non-printable characters may v<19;1>
ary depending on the implementation of the Curses library, `stty(1)` settings, o<20;1>
r terminal emulator.<23;1>
Commands<24;1>
--------<2;1>
<1;15>
<SMSO>9<RMSO>
<3;1>
<1;15>
<SMSO>18B<RMSO>
<4;1>
<1;16>
<SMSO>9<RMSO>
<5;1>
<1;15>
<SMSO>9<RMSO>
<6;1>
<1;15>
<SMSO>179B<RMSO>
<7;1>
<1;15>
<SMSO>206<RMSO>
<8;1>
<1;17>
<SMSO>7<RMSO>
<9;1>
<1;17>
<SMSO>8<RMSO>
<10;1>
<1;16>
<SMSO>14<RMSO>
<11;1>
<1;16>
<SMSO>20<RMSO>
<12;1>
<1;17>
<SMSO>1<RMSO>
<13;1>
<1;16>
<SMSO>39<RMSO>
<14;1>
<1;16>
<SMSO>40<RMSO>
<15;1>
<1;15>
<SMSO>32<RMSO>
<16;1>
<1;15>
<SMSO>40<RMSO>
<17;1>
<1;16>
<SMSO>8<RMSO>
<18;1>
<1;15>
<SMSO>56<RMSO>
<19;1>
<1;15>
<SMSO>64<RMSO>
<20;1>
<1;16>
<SMSO>61<RMSO>
<21;1>
<1;17>
<SMSO>2<RMSO>
<22;1>
<1;17>
<SMSO>3<RMSO>
<23;1>
<1;16>
<SMSO>72<RMSO>
<24;1>
<1;16>
<SMSO>81<RMSO>
<2;1>
========<3;1>
<EL>
<4;1>
A minimalist version of `vi(1)`.  It is an example of the "Buffer Gap" method ou<5;1>
tlined in the [The Craft Of Text Editing](http://www.finseth.com/craft/) used by<6;1>
 many Emacs style editors.<EL>
<7;2>
<EL>
<9;1>
Usage<10;1>
-----<11;1>
<EL>
<12;5>
ae [filename]<13;5>
<EL>
<14;1>
Read or create a text file; default filename is `a.txt`.  Text files consists of<15;1>
 lines of printable text, tabs, or newline characters.  A physical line can be o<16;1>
f arbitrary length and is delimited by either a newline or the end of file.  Tab<17;1>
 stops are every eight columns.  The behaviour of non-printable characters may v<18;1>
ary depending on the implementation of the Curses library, `stty(1)` settings, o<19;1>
r terminal emulator. <EL>
<20;1>
<EL>
<22;1>
Commands<23;1>
--------<24;1>
<EL>
<1;17>
<SMSO>2<RMSO>
<2;1>
<EL>
<3;1>
A minimalist version of `vi(1)`.  It is an example of the "Buffer Gap" method ou<4;1>
tlined in the [The Craft Of Text Editing](http://www.finseth.com/craft/) used by<5;1>
 many Emacs style editors.<EL>
<6;2>
<EL>
<8;1>
Usage<9;1>
-----<10;1>
<EL>
<11;5>
ae [filename]<12;5>
<EL>
<13;1>
Read or create a text file; default filename is `a.txt`.  Text files consists of<14;1>
 lines of printable text, tabs, or newline characters.  A physical line can be o<15;1>
f arbitrary length and is delimited by either a newline or the end of file.  Tab<16;1>
 stops are every eight columns.  The behaviour of non-printable characters may v<17;1>
ary depending on the implementation of the Curses library, `stty(1)` settings, o<18;1>
r terminal emulator. <EL>
<19;1>
<EL>
<21;1>
Commands<22;1>
--------<23;1>
<EL>
<24;5>
h j k l   left, down, up, right cursor movement<CR><1;17>
<SMSO>1<RMSO>
<23;1>
<1;16>
<SMSO>72<RMSO>
<22;1>
<1;16>
<SMSO>63<RMSO>
<21;1>
<1;17>
<SMSO>2<RMSO>
<20;1>
<1;17>
<SMSO>1<RMSO>
<19;1>
<1;16>
<SMSO>40<RMSO>
<18;1>
<1;15>
<SMSO>56<RMSO>
<17;1>
<1;15>
<SMSO>48<RMSO>
<16;1>
<1;16>
<SMSO>0<RMSO>
<15;1>
<1;15>
<SMSO>32<RMSO>
<14;1>
<1;15>
<SMSO>24<RMSO>
<13;1>
<1;16>
<SMSO>39<RMSO>
<12;1>
<1;16>
<SMSO>21<RMSO>
<11;1>
<1;17>
<SMSO>0<RMSO>
<10;1>
<1;16>
<SMSO>14<RMSO>
<9;1>
<1;16>
<SMSO>08<RMSO>
<8;1>
<1;17>
<SMSO>7<RMSO>
<7;1>
<1;17>
<SMSO>6<RMSO>
<6;1>
<1;15>
<SMSO>179<RMSO>
<5;1>
<1;15>
<SMSO>99B <RMSO>
<4;1>
<1;15>
<SMSO>1<RMSO>
<3;1>
<1;16>
<SMSO>8<RMSO>
<2;1>
<1;15>
<SMSO>9B <RMSO>
<2;1>
========<3;1>
<EL>
<4;1>
A minimalist version of `vi(1)`.  It is an example of the "Buffer Gap" method ou<5;1>
tlined in the [The Craft Of Text Editing](http://www.finseth.com/craft/) used by<6;2>
many Emacs style editors.<8;1>
<EL>
<9;1>
Usage<10;1>
-----<11;5>
<EL>
<12;5>
ae [filename]<13;1>
<EL>
<14;1>
Read or create a text file; default filename is `a.txt`.  Text files consists of<15;1>
 lines of printable text, tabs, or newline characters.  A physical line can be o<16;1>
f arbitrary length and is delimited by either a newline or the end of file.  Tab<17;1>
 stops are every eight columns.  The behaviour of non-printable characters may v<18;1>
ary depending on the implementation of the Curses library, `stty(1)` settings, o<19;1>
r terminal emulator.<21;1>
<EL>
<22;1>
Commands<23;1>
--------<24;5>
<EL>
<2;1>
<1;15>
<SMSO>0<RMSO>
<2;1>
ae 1.3.0<3;1>
========<4;1>
<EL>
<5;1>
A minimalist version of `vi(1)`.  It is an example of the "Buffer Gap" method ou<6;1>
tlined in the [The Craft Of Text Editing](http://www.finseth.com/craft/) used by<7;2>
many Emacs style editors.<9;1>
<EL>
<10;1>
Usage<11;1>
-----<12;5>
<EL>
<13;5>
ae [filename]<14;1>
<EL>
<15;1>
Read or create a text file; default filename is `a.txt`.  Text files consists of<16;1>
 lines of printable text, tabs, or newline characters.  A physical line can be o<17;1>
f arbitrary length and is delimited by either a newline or the end of file.  Tab<18;1>
 stops are every eight columns.  The behaviour of non-printable characters may v<19;1>
ary depending on the implementation of the Curses library, `stty(1)` settings, o<20;1>
r terminal emulator.<22;1>
<EL>
<23;1>
Commands<24;1>
--------<2;1>
<24;1>
