<CLEAR>
<CLEAR>
<SMSO>test/short.txt 0B                                                               <RMSO>
<2;1>
hello   world<3;1>
this file might be a<4;1>
little rude fart face<5;1>
empty line<7;1>
blank line<9;1>
qwerty butt<10;9>
tab indent<11;1>
-last line-<13;1>
<SMSO>^D<RMSO>
<2;1>
<1;1>
<SMSO>/             <RMSO>
 <SMSO>  <RMSO>
<1;2>
<SMSO>l<RMSO>
<SMSO>i<RMSO>
<SMSO>n<RMSO>
<SMSO>e<RMSO>
<1;1>
<SMSO>test/short.txt<RMSO>
 <SMSO>61B<RMSO>
<5;7>
<1;16>
<SMSO>73<RMSO>
<7;7>
<1;16>
<SMSO>113B<RMSO>
<11;7>
<1;16>
<SMSO>6<RMSO>
 <SMSO>B <RMSO>
<5;7>
<24;1>
