<CLEAR>
<CLEAR>
<SMSO>a.txt 0B                                                                        <RMSO>
<3;1>
<SMSO>^D<RMSO>
<2;1>
<1;7>
<SMSO>4<RMSO>
<2;1>
ðŸ”¥<1;7>
<SMSO>0<RMSO>
<2;1>
<EL>
<1;7>
<SMSO>1<RMSO>
<3;1>
<EL>
<4;1>
<SMSO>^D<RMSO>
<3;1>
<CLEAR>
<SMSO>a.txt 1B                                                                        <RMSO>
<4;1>
<SMSO>^D<RMSO>
<3;1>
<24;1>
