[H[J[H[J[7ma.txt 119B                                                                      [2;1H[mhello   world[Bthis file might be a[Blittle rude fart face[Bempty line[7;1Hblank line[9;1Hqwerty butt[10;9Htab indent[B-last line-[B[B[7m^D[2;1H[m[2;9H[H[7m/         [H/[m[7ml[m[7mi[m[7mn[m[7me[m[13;1H[3S[11;1H[3L[1;6H[H[7ma.txt 64B                                                                       [2;1H[mhello   line[2;9H[1;7H[7m52[4;1H[mqwerty butt[5;9Htab indent[B-last line-[7;9H[K[B[7m^D[m[K[B[B  [2;9H[24;1H