[H[J[H[J[7ma.txt 119B                                                                      [2;1H[mhello   world[Bthis file might be a[Blittle rude fart face[Bempty line[7;1Hblank line[9;1Hqwerty butt[10;9Htab indent[B-last line-[B[B[7m^D[2;1H[m[1;7H[7m0B  [2;1H[m[K[B[7m^D[m[K[B[K[B[K[7;1H[K[9;1H[K[10;9H[K[B[K[B[B  [2;1H[24;1H