[H[J[H[J[7ma.txt 0B                                                                        [3;1H^D[2;1H[m[1;7H[7m1[2;1H[mH[1;7H[7m2[2;2H[mE[1;7H[7m3[2;3H[mL[1;7H[7m4[2;4H[mL[A[C[C[7m5[2;5H[mO[A[C[7m6[2;7H[m[A[7m7[2;7H[mw[1;7H[7m8[2;8H[mo[1;7H[7m9[2;9H[mr[1;7H[7m10B[2;10H[ml[1;8H[7m1[2;11H[md[1;8H[7m2[2;12H[m!hello WORLD![24;1H