[H[J[H[J[7ma.txt 14B                                                                       [2;1H[mHello[3;9Hworld![5;1H[7m^D[2;1H[m[K[B[7m^D[3;9H[m[K[5;1H  [2;1H[2;9Hworld![B  [B[7m^D[2;1H[m[1;7H[7m8B [2;1H[m![2;9H[K[24;1H