<CLEAR>
<CLEAR>
<SMSO>a.txt 14B 0%                                                                    <RMSO>
<2;1>
Hello<3;9>
world!<5;1>
<SMSO>^D<RMSO>
<2;1>
<1;11>
<SMSO>100%<RMSO>
<2;1>
<EL>
<3;1>
<SMSO>^D<RMSO>
      <EL>
<5;1>
<EL>
<2;1>
<1;11>
<SMSO>42% <RMSO>
<2;9>
world!<3;1>
<EL>
<4;1>
<SMSO>^D<RMSO>
<2;1>
<1;7>
<SMSO>8B 75% <RMSO>
<1;80>
<SMSO>*<RMSO>
<2;1>
!<2;9>
<EL>
<CR><1;1>
<SMSO>>    <RMSO>
 <SMSO>  <RMSO>
 <SMSO>   <RMSO>
<1;80>
<SMSO> <RMSO>
<1;2>
<SMSO>a<RMSO>
<SMSO>.<RMSO>
<SMSO>t<RMSO>
<SMSO>x<RMSO>
<SMSO>t<RMSO>
<1;1>
<SMSO>a.txt 8B<RMSO>
 <SMSO>75%<RMSO>
<2;1>
<24;1>
