<CLEAR>
<CLEAR>
<SMSO>a.txt 0B 0%                                                                     <RMSO>
<3;1>
<SMSO>^D<RMSO>
<2;1>
<1;1>
<SMSO>>    <RMSO>
 <SMSO>  <RMSO>
 <SMSO>  <RMSO>
<1;2>
<SMSO>a<RMSO>
<SMSO>.<RMSO>
<SMSO>t<RMSO>
<SMSO>x<RMSO>
<SMSO>t<RMSO>
<1;1>
<SMSO>a.txt 0B<RMSO>
 <SMSO>0%<RMSO>
<2;1>
<24;1>
