[H[J[H[J[7ma.txt 0B                                                                        [3;1H^D[2;1H[m[1;7H[7m1[2;1H[mZ[1;7H[7m0[2;1H[m [24;1H