<CLEAR>
<CLEAR>
<SMSO>a.txt 119B 0%                                                                   <RMSO>
<2;1>
hello   world<3;1>
this file might be a<4;1>
little rude fart face<5;1>
empty line<7;1>
blank line<9;1>
qwerty butt<10;9>
tab indent<11;1>
-last line-<13;1>
<SMSO>^D<RMSO>
<2;1>
<1;12>
<SMSO>10%<RMSO>
<3;1>
<1;1>
!<EL>
cat >b.txt<1;1>
<SMSO>a.txt 76B 15% *                                                                 <RMSO>
<3;1>
empty line<EL>
<4;1>
<EL>
<5;1>
blank<7;1>
qwerty butt<8;9>
tab indent<9;1>
-last line-<10;9>
<EL>
<11;1>
<SMSO>^D<EL>
<RMSO>
<13;1>
<EL>
<3;1>
<1;1>
><EL>
a.txt<1;1>
<SMSO>a.txt 76B 15%                                                                   <RMSO>
<3;1>
<24;1>
