<CLEAR>
<CLEAR>
<SMSO>a.txt 0B 0%                                                                     <RMSO>
<3;1>
<SMSO>^D<RMSO>
<2;1>
<1;1>
><EL>
a.txt<1;1>
<SMSO>a.txt 0B 0%                                                                     <RMSO>
<2;1>
<24;1>
