<CLEAR>
<CLEAR>
<SMSO>test/short.txt 119B 0%                                                          <RMSO>
<2;1>
hello   world<3;1>
this file might be a<4;1>
little rude fart face<5;1>
empty line<7;1>
blank line<9;1>
qwerty butt<10;9>
tab indent<11;1>
-last line-<13;1>
<SMSO>^D<RMSO>
<2;1>
<1;1>
/<EL>
.$<1;1>
<SMSO>test/short.txt 119B 8%                                                          <RMSO>
<2;13>
<1;21>
<SMSO>26%<RMSO>
<3;20>
<1;21>
<SMSO>44<RMSO>
<4;21>
<1;21>
<SMSO>53<RMSO>
<5;10>
<1;21>
<SMSO>6<RMSO>
<7;10>
<1;22>
<SMSO>8<RMSO>
<8;4>
<1;21>
<SMSO>7<RMSO>
<9;11>
<1;21>
<SMSO>8<RMSO>
<10;18>
<1;21>
<SMSO>9<RMSO>
<11;11>
<24;1>
