<CLEAR>
<CLEAR>
<SMSO>test/short.txt 119B 0%                                                          <RMSO>
<2;1>
hello   world<3;1>
this file might be a<4;1>
little rude fart face<5;1>
empty line<7;1>
blank line<9;1>
qwerty butt<10;9>
tab indent<11;1>
-last line-<13;1>
<SMSO>^D<RMSO>
<2;1>
<1;1>
/<EL>
line<1;1>
<SMSO>test/short.txt 119B 51%                                                         <RMSO>
<5;7>
<1;21>
<SMSO>6<RMSO>
<7;7>
<1;21>
<SMSO>94<RMSO>
<11;7>
<1;21>
<SMSO>51<RMSO>
<5;7>
<24;1>
