<CLEAR>
<CLEAR>
<SMSO>a.txt 0B 0%                                                                     <RMSO>
<3;1>
<SMSO>^D<RMSO>
<2;1>
<1;15>
<SMSO>INS<RMSO>
<2;1>
<1;7>
<SMSO>1<RMSO>
  <SMSO>100%<RMSO>
 <SMSO>* INS<RMSO>
<3;1>
<EL>
<4;1>
<SMSO>^D<RMSO>
<3;1>
<1;17>
<SMSO>   <RMSO>
<3;1>
<1;10>
<SMSO>0% *<RMSO>
 <SMSO> <RMSO>
<2;1>
<1;15>
<SMSO>INS<RMSO>
<2;1>
<1;7>
<SMSO>2<RMSO>
  <SMSO>50% * INS<RMSO>
<2;1>
H<1;7>
<SMSO>3<RMSO>
  <SMSO>66<RMSO>
<2;2>
e<1;7>
<SMSO>4<RMSO>
  <SMSO>75<RMSO>
<2;3>
l<1;7>
<SMSO>5<RMSO>
  <SMSO>80<RMSO>
<2;4>
l<1;7>
<SMSO>6<RMSO>
   <SMSO>3<RMSO>
<2;5>
o<1;16>
<SMSO>   <RMSO>
<2;6>
<1;10>
<SMSO>100% *<RMSO>
<3;1>
<1;17>
<SMSO>INS<RMSO>
<3;1>
<1;7>
<SMSO>7<RMSO>
<4;1>
<EL>
<5;1>
<SMSO>^D<RMSO>
<4;1>
<1;17>
<SMSO>   <RMSO>
<4;1>
<1;10>
<SMSO>85% * <RMSO>
<3;1>
<1;16>
<SMSO>INS<RMSO>
<3;1>
<1;7>
<SMSO>8<RMSO>
   <SMSO>7<RMSO>
<3;1>
w<1;7>
<SMSO>9<RMSO>
   <SMSO>8<RMSO>
<3;2>
o<1;7>
<SMSO>10B 90% * INS<RMSO>
<3;3>
r<1;8>
<SMSO>1<RMSO>
<3;4>
l<1;8>
<SMSO>2<RMSO>
   <SMSO>1<RMSO>
<3;5>
d<1;8>
<SMSO>3<RMSO>
   <SMSO>2<RMSO>
<3;6>
!<1;17>
<SMSO>   <RMSO>
<3;7>
<1;1>
><EL>
a.txt<1;1>
<SMSO>a.txt 13B 92%                                                                   <RMSO>
<3;7>
<24;1>
