<CLEAR>
<CLEAR>
<SMSO>a.txt 119B 0%                                                                   <RMSO>
<2;1>
hello   world<3;1>
this file might be a<4;1>
little rude fart face<5;1>
empty line<7;1>
blank line<9;1>
qwerty butt<10;9>
tab indent<11;1>
-last line-<13;1>
<SMSO>^D<RMSO>
<2;1>
<1;1>
/<EL>
rude<1;1>
<SMSO>a.txt 119B 33%                                                                  <RMSO>
<4;8>
<1;12>
<SMSO>46<RMSO>
<4;8>
<SMSO>rude fart face<RMSO>
<5;1>
<1;12>
<SMSO>33<RMSO>
<4;8>
rude fart face<4;8>
<1;1>
/<EL>
but<1;1>
<SMSO>a.txt 119B 75%                                                                  <RMSO>
<9;8>
<1;8>
<SMSO>34<RMSO>
   <SMSO>8<RMSO>
  <SMSO>*<RMSO>
<9;8>
rude fart face<10;1>
butt    <EL>
<11;1>
        tab indent<12;1>
-last line-<13;1>
<EL>
<14;1>
<SMSO>^D<RMSO>
<10;1>
<1;1>
><EL>
a.txt<1;1>
<SMSO>a.txt 134B 78%                                                                  <RMSO>
<10;1>
<24;1>
