<RMSO>
<CLEAR>
<SMSO>a.txt 119B 0%                                                                   <RMSO>
hello   world<3;1>
this file might be a<4;1>
little rude fart face<5;1>
empty line<7;1>
blank line<9;1>
qwerty butt<10;9>
tab indent<11;1>
-last line-<13;1>
<SMSO>^D<RMSO>
<2;1>
<SMSO><RMSO>
<1;12>
<SMSO>10%<RMSO>
<3;1>
<SMSO><RMSO>
<HOME>
!                                                                               <1;2>
fmt<1;6>
-g68<1;11>
-w40<2;1>
<BEL>
<13;1>
<ED>
<HOME>
<SMSO>a.txt 136B 52% *                                                                <RMSO>
<CUD1>
fmt: invalid width: ‘68’: Numerical result out of range<4;1>
empty line<EL>
<5;1>
<EL>
<CUD1>
blank line<7;1>
<EL>
<CUD1>
qwerty butt<9;1>
        tab indent<10;1>
-last line-<EL>
<11;1>
<EL>
<CUD1>
<SMSO>^D<RMSO>
<4;1>
<SMSO><RMSO>
<HOME>
>                                                                               <1;2>
a.txt<2;1>
<HOME>
<SMSO>a.txt 136B 52%                                                                  <RMSO>
<4;1>
<24;1>
