<RMSO>
<CLEAR>
<SMSO>a.txt 119B 0%                                                                   <RMSO>
hello   world<3;1>
this file might be a<4;1>
little rude fart face<5;1>
empty line<7;1>
blank line<9;1>
qwerty butt<10;9>
tab indent<11;1>
-last line-<13;1>
<SMSO>^D<RMSO>
<2;1>
<SMSO><RMSO>
<4;1>
<ED>
<1;7>
<SMSO>0B 0% *<RMSO>
<2;1>
<SMSO><RMSO>
<EL>
<CUD1>
<SMSO>^D<RMSO>
<EL>
<2;1>
<HOME>
>                                                                               <1;2>
a.txt<2;1>
<HOME>
<SMSO>a.txt 0B 0%                                                                     <RMSO>
<24;1>
