<RMSO>
<CLEAR>
<SMSO>a.txt 0B 0%                                                                     <RMSO>
<CUD1>
<SMSO>^D<RMSO>
<2;1>
<SMSO><RMSO>
<HOME>
>                                                                               <1;2>
a.txt<2;1>
<HOME>
<SMSO>a.txt 0B 0%                                                                     <RMSO>
<24;1>
