<RMSO>
<CLEAR>
<SMSO>test/usage.md 2570B 0%                                                          <RMSO>
ae 1.3.0<3;1>
========<5;1>
A minimalist version of `vi(1)`.  It is an example of the "Buffer Gap" method outlined in the [The Craft Of Text Editing](http://www.finseth.com/craft/) used by<7;2>
many Emacs style editors.<10;1>
Usage<11;1>
-----<13;5>
ae [filename]<15;1>
Read or create a text file; default filename is `a.txt`.  Text files consists of<16;2>
lines of printable text, tabs, or newline characters.  A physical line can be of arbitrary length and is delimited by either a newline or the end of file.  Tab<18;2>
stops are every eight columns.  The behaviour of non-printable characters may vary depending on the implementation of the Curses library, `stty(1)` settings, or terminal emulator.<23;1>
Commands<24;1>
--------<2;1>
<CUD1>
<CUD1>
<CUD1>
<1;21>
<SMSO>3<RMSO>
<6;1>
<SMSO><RMSO>
<1;21>
<SMSO>6<RMSO>
<7;1>
<SMSO><RMSO>
<1;21>
<SMSO>8<RMSO>
<8;1>
<SMSO><RMSO>
<CUD1>
<CUD1>
<CUD1>
<CUD1>
<CUD1>
<1;21>
<SMSO>9<RMSO>
<14;1>
<SMSO><RMSO>
<CUD1>
<1;21>
<SMSO>12%<RMSO>
<16;1>
<SMSO><RMSO>
<1;22>
<SMSO>5<RMSO>
<17;1>
<SMSO><RMSO>
<1;21>
<SMSO>0% <RMSO>
<2;1>
<SMSO><RMSO>
<24;1>
