<RMSO>
<CLEAR>
<SMSO>test/usage.md 2570B 0%                                                          <RMSO>
ae 1.3.0<3;1>
========<5;1>
A minimalist version of `vi(1)`.  It is an example of the "Buffer Gap" method outlined in the [The Craft Of Text Editing](http://www.finseth.com/craft/) used by<7;2>
many Emacs style editors.<10;1>
Usage<11;1>
-----<13;5>
ae [filename]<15;1>
Read or create a text file; default filename is `a.txt`.  Text files consists of<16;2>
lines of printable text, tabs, or newline characters.  A physical line can be of arbitrary length and is delimited by either a newline or the end of file.  Tab<18;2>
stops are every eight columns.  The behaviour of non-printable characters may vary depending on the implementation of the Curses library, `stty(1)` settings, or terminal emulator.<23;1>
Commands<24;1>
--------<2;1>
<1;21>
<SMSO>8<RMSO>
<2;1>
<SMSO><RMSO>
Usage   <3;1>
-----   <5;1>
    ae [filename]<EL>
<6;1>
<EL>
<CUD1>
Read or create a text file; default filename is `a.txt`.  Text files consists of<8;2>
lines of printable text, tabs, or newline characters.  A physical line can be of arbitrary length and is delimited by either a newline or the end of file.  Tab stops are every eight columns.  The behaviour of non-printable characters may vary depending on the implementation of the Curses library, `stty(1)` settings, or terminal emulator.<13;5>
<EL>
<15;1>
Commands<EL>
<16;1>
--------<EL>
<17;1>
<EL>
<18;2>
   h j k l   left, down, up, right cursor movement<EL>
<19;1>
    H J K L   word left, page down, page up, word right<EL>
<20;1>
    [ ]       beginning and end of line<21;5>
G         goto line number; 1G top of file, G bottom<22;5>
i         enter insert mode, FF or ESC to quit<23;1>
    x         delete character under the cursor<24;1>
    W         write buffer to file<2;1>
<1;21>
<SMSO>25%<RMSO>
<2;1>
<SMSO><RMSO>
Commands<3;6>
---<5;5>
h j k l   left, down, up, right cursor movement<6;5>
H J K L   word left, page down, page up, word right<7;1>
    [ ]       beginning and end of line<EL>
<8;2>
   G         goto line number; 1G top of file, G bottom<EL>
<9;1>
    i         enter insert mode, FF or ESC to quit<EL>
<10;2>
   x         delete character under the cursor<EL>
<11;1>
    W         write buffer to file<EL>
<12;1>
    Q         quit  <14;1>
Any other key will redraw the screen.<15;1>
<EL>
<CUD1>
<EL>
<CUD1>
Exit Status<18;1>
-----------<EL>
<19;5>
<EL>
<20;1>
- 0 success<EL>
<21;1>
- 1 file read error<EL>
<22;5>
<EL>
<CUD1>
<EL>
<24;1>
Testing<EL>
<2;1>
<24;1>
<ED>
<1;21>
<SMSO>0% <RMSO>
<2;1>
<SMSO><RMSO>
========<3;1>
<EL>
<CUD1>
A minimalist version of `vi(1)`.  It is an example of the "Buffer Gap" method outlined in the [The Craft Of Text Editing](http://www.finseth.com/craft/) used by<6;2>
many Emacs style editors.<EL>
<7;5>
<EL>
<CUD1>
<EL>
<9;1>
Usage<EL>
<10;1>
-----<EL>
<11;5>
<EL>
<CUD1>
ae [filename] <14;1>
Read or create a text file; default filename is `a.txt`.  Text files consists of<15;2>
lines of printable text, tabs, or newline characters.  A physical line can be of arbitrary length and is delimited by either a newline or the end of file.  Tab stops are every eight columns.  The behaviour of non-printable characters may vary depending on the implementation of the Curses library, `stty(1)` settings, or terminal emulator.<20;1>
<EL>
<CUD1>
<EL>
<CUD1>
Commands<23;1>
--------<2;1>
ae 1.3.0<3;1>
========<4;1>
<EL>
<CUD1>
A minimalist version of `vi(1)`.  It is an example of the "Buffer Gap" method outlined in the [The Craft Of Text Editing](http://www.finseth.com/craft/) used by<7;2>
many Emacs style editors.<9;1>
     <10;1>
Usage<11;1>
-----<12;5>
<EL>
<CUD1>
ae [filename]<14;1>
<EL>
<CUD1>
Read or create a text file; default filename is `a.txt`.  Text files consists of lines of printable text, tabs, or newline characters.  A physical line can be of arbitrary length and is delimited by either a newline or the end of file.  Tab stops are every eight columns.  The behaviour of non-printable characters may vary depending on the implementation of the Curses library, `stty(1)` settings, or terminal emulator.<22;1>
<EL>
<CUD1>
Commands<24;1>
--------<2;1>
<24;1>
