<RMSO>
<CLEAR>
<SMSO>a.txt 0B 0%                                                                     <RMSO>
<CUD1>
<SMSO>^D<RMSO>
<2;1>
<SMSO><RMSO>
<1;15>
<SMSO>INS<RMSO>
<2;1>
<SMSO><RMSO>
<1;15>
<SMSO>   <RMSO>
<2;1>
<SMSO><RMSO>
<24;1>
