<RMSO>
<CLEAR>
<SMSO>a.txt 0B 0%                                                                     <RMSO>
<CUD1>
<SMSO>^D<RMSO>
<2;1>
<SMSO><RMSO>
<1;15>
<SMSO>INS<RMSO>
<2;1>
<SMSO><RMSO>
<1;7>
<SMSO>1B 100% * INS<RMSO>
<2;1>
<SMSO><RMSO>
H<1;7>
<SMSO>2<RMSO>
<2;2>
<SMSO><RMSO>
e<1;7>
<SMSO>3<RMSO>
<2;3>
<SMSO><RMSO>
l<1;7>
<SMSO>4<RMSO>
<2;4>
<SMSO><RMSO>
l<1;7>
<SMSO>5<RMSO>
<2;5>
<SMSO><RMSO>
o<1;7>
<SMSO>6<RMSO>
<3;1>
<SMSO><RMSO>
  <4;1>
<SMSO>^D<RMSO>
<3;1>
<SMSO><RMSO>
<1;7>
<SMSO>7<RMSO>
<3;9>
<SMSO><RMSO>
<1;7>
<SMSO>8<RMSO>
<3;9>
<SMSO><RMSO>
w<1;7>
<SMSO>9<RMSO>
<3;10>
<SMSO><RMSO>
o<1;7>
<SMSO>10B 100% * INS<RMSO>
<3;11>
<SMSO><RMSO>
o<1;8>
<SMSO>1<RMSO>
<3;12>
<SMSO><RMSO>
t<1;8>
<SMSO>2<RMSO>
<3;13>
<SMSO><RMSO>
!<1;18>
<SMSO>   <RMSO>
<3;14>
<SMSO><RMSO>
<HOME>
>                                                                               <1;2>
a.txt<2;1>
<HOME>
<SMSO>a.txt 12B 100%                                                                  <RMSO>
<3;14>
<24;1>
