<RMSO>
<CLEAR>
<SMSO>test/short.txt 119B 0%                                                          <RMSO>
hello   world<3;1>
this file might be a<4;1>
little rude fart face<5;1>
empty line<7;1>
blank line<9;1>
qwerty butt<10;9>
tab indent<11;1>
-last line-<13;1>
<SMSO>^D<RMSO>
<2;1>
<SMSO><RMSO>
<1;21>
<SMSO>5<RMSO>
<2;9>
<SMSO><RMSO>
<1;21>
<SMSO>100%<RMSO>
<12;1>
<SMSO><RMSO>
<1;21>
<SMSO>94% <RMSO>
<11;7>
<SMSO><RMSO>
<1;21>
<SMSO>5% <RMSO>
<2;9>
<SMSO><RMSO>
<1;21>
<SMSO>94%<RMSO>
<11;7>
<SMSO><RMSO>
<24;1>
