<RMSO>
<CLEAR>
<SMSO>test/short.txt 119B 0%                                                          <RMSO>
hello   world<3;1>
this file might be a<4;1>
little rude fart face<5;1>
empty line<7;1>
blank line<9;1>
qwerty butt<10;9>
tab indent<11;1>
-last line-<13;1>
<SMSO>^D<RMSO>
<2;1>
<SMSO><RMSO>
<HOME>
/                                                                               <1;2>
butt<2;1>
<HOME>
<SMSO>test/short.txt 119B 75%                                                         <RMSO>
<9;8>
<1;21>
<SMSO>80<RMSO>
<10;9>
<SMSO><RMSO>
<HOME>
/                                                                               <1;2>
rude<2;1>
<HOME>
<SMSO>test/short.txt 119B 33%                                                         <RMSO>
<4;8>
<1;27>
<SMSO>INS<RMSO>
<4;8>
<SMSO><RMSO>
<1;17>
<SMSO>20B 34% *<RMSO>
<4;8>
<SMSO><RMSO>
frude fart face<4;9>
<1;18>
<SMSO>1<RMSO>
<4;9>
<SMSO><RMSO>
urude fart face<4;10>
<1;18>
<SMSO>2B 35<RMSO>
<4;10>
<SMSO><RMSO>
zrude fart face<4;11>
<1;18>
<SMSO>3<RMSO>
<4;11>
<SMSO><RMSO>
zrude fart face<4;12>
<1;27>
<SMSO>   <RMSO>
<4;12>
<SMSO><RMSO>
<1;21>
<SMSO>76<RMSO>
<9;8>
<SMSO><RMSO>
<1;21>
<SMSO>81<RMSO>
<10;9>
<SMSO><RMSO>
<1;17>
<SMSO>19B 33%  <RMSO>
<4;8>
<SMSO><RMSO>
rude fart face    <4;8>
<1;21>
<SMSO>75<RMSO>
<9;8>
<SMSO><RMSO>
<1;21>
<SMSO>80<RMSO>
<10;9>
<SMSO><RMSO>
<24;1>
