<RMSO>
<CLEAR>
<SMSO>a.txt 5B 0%                                                                     <RMSO>
ðŸ”¥<4;1>
<SMSO>^D<RMSO>
<2;1>
<SMSO><RMSO>
<1;10>
<SMSO>80%<RMSO>
<2;3>
<SMSO><RMSO>
<1;10>
<SMSO>100%<RMSO>
<3;1>
<SMSO><RMSO>
<24;1>
