<RMSO>
<CLEAR>
<SMSO>test/usage.md 2570B 0%                                                          <RMSO>
ae 1.3.0<3;1>
========<5;1>
A minimalist version of `vi(1)`.  It is an example of the "Buffer Gap" method outlined in the [The Craft Of Text Editing](http://www.finseth.com/craft/) used by<7;2>
many Emacs style editors.<10;1>
Usage<11;1>
-----<13;5>
ae [filename]<15;1>
Read or create a text file; default filename is `a.txt`.  Text files consists of<16;2>
lines of printable text, tabs, or newline characters.  A physical line can be of arbitrary length and is delimited by either a newline or the end of file.  Tab<18;2>
stops are every eight columns.  The behaviour of non-printable characters may vary depending on the implementation of the Curses library, `stty(1)` settings, or terminal emulator.<23;1>
Commands<24;1>
--------<2;1>
<1;21>
<SMSO>26%<RMSO>
<2;1>
<SMSO><RMSO>
<EL>
<CUD1>
A minimalist version of `vi(1)`.  It is an example of the "Buffer Gap" method outlined in the [The Craft Of Text Editing](http://www.finseth.com/craft/) used by many Emacs style editors.<EL>
<6;1>
<EL>
<7;2>
<EL>
<8;1>
Usage<9;1>
-----<10;1>
     <11;1>
    ae [filename]<13;1>
Read or create a text file; default filename is `a.txt`.  Text files consists of<14;2>
lines of printable text, tabs, or newline characters.  A physical line can be of arbitrary length and is delimited by either a newline or the end of file.  Tab<16;2>
stops are every eight columns.  The behaviour of non-printable characters may vary depending on the implementation of the Curses library, `stty(1)` settings, or terminal emulator.<EL>
<19;1>
<EL>
<CUD1>
<EL>
<CUD1>
Commands<22;1>
--------<23;1>
<EL>
<CUD1>
    h j k l   left, down, up, right cursor movement<CR><1;21>
<SMSO>0% <RMSO>
<2;1>
<SMSO><RMSO>
ae 1.3.0<3;1>
========<EL>
<4;1>
<EL>
<CUD1>
A minimalist version of `vi(1)`.  It is an example of the "Buffer Gap" method outlined in the [The Craft Of Text Editing](http://www.finseth.com/craft/) used by<7;2>
many Emacs style editors.<8;1>
     <9;1>
     <10;1>
Usage<11;1>
-----<EL>
<13;1>
    ae [filename]<EL>
<14;2>
<EL>
<15;1>
Read or create a text file; default filename is `a.txt`.  Text files consists of<16;2>
lines of printable text, tabs, or newline characters.  A physical line can be of arbitrary length and is delimited by either a newline or the end of file.  Tab stops are every eight columns.  The behaviour of non-printable characters may vary depending on the implementation of the Curses library, `stty(1)` settings, or terminal emulator.<21;1>
<EL>
<CUD1>
<EL>
<CUD1>
Commands<24;1>
--------<EL>
<2;1>
<24;1>
