<RMSO>
<CLEAR>
<SMSO>a.txt 119B 0%                                                                   <RMSO>
hello   world<3;1>
this file might be a<4;1>
little rude fart face<5;1>
empty line<7;1>
blank line<9;1>
qwerty butt<10;9>
tab indent<11;1>
-last line-<13;1>
<SMSO>^D<RMSO>
<2;1>
<SMSO><RMSO>
<HOME>
/                                                                               <1;2>
rude<2;1>
<HOME>
<SMSO>a.txt 119B 33%                                                                  <RMSO>
<4;8>
<1;12>
<SMSO>18<RMSO>
<3;11>
<SMSO>might be a<RMSO>
<4;1>
<SMSO>little <RMSO>
<3;11>
<SMSO><RMSO>
<13;1>
<ED>
<1;8>
<SMSO>01B 21% *<RMSO>
<3;11>
<SMSO><RMSO>
rude fart face<4;1>
empty line<EL>
<5;1>
<EL>
<CUD1>
blank line<7;1>
<EL>
<CUD1>
qwerty butt<9;1>
        tab indent<10;1>
-last line-<EL>
<11;1>
<EL>
<CUD1>
<SMSO>^D<RMSO>
<3;11>
<SMSO><RMSO>
<HOME>
/                                                                               <1;2>
but<2;1>
<HOME>
<SMSO>a.txt 101B 71% *                                                                <RMSO>
<8;8>
<1;8>
<SMSO>19B 75<RMSO>
<8;8>
<SMSO><RMSO>
might be a<9;1>
little butt<EL>
<10;1>
        tab indent<11;1>
-last line-<12;1>
  <13;1>
<SMSO>^D<RMSO>
<9;8>
<SMSO><RMSO>
<HOME>
>                                                                               <1;2>
a.txt<2;1>
<HOME>
<SMSO>a.txt 119B 75%                                                                  <RMSO>
<9;8>
<24;1>
