<RMSO>
<CLEAR>
<SMSO>a.txt 119B 0%                                                                   <RMSO>
hello   world<3;1>
this file might be a<4;1>
little rude fart face<5;1>
empty line<7;1>
blank line<9;1>
qwerty butt<10;9>
tab indent<11;1>
-last line-<13;1>
<SMSO>^D<RMSO>
<2;1>
<SMSO><RMSO>
<HOME>
/                                                                               <1;2>
rude<2;1>
<HOME>
<SMSO>a.txt 119B 33%                                                                  <RMSO>
<4;8>
<1;12>
<SMSO>46<RMSO>
<4;8>
<SMSO>rude fart face<RMSO>
<5;1>
<SMSO><RMSO>
<1;12>
<SMSO>33<RMSO>
<4;8>
<SMSO><RMSO>
rude fart face<4;8>
<HOME>
/                                                                               <1;2>
but<2;1>
<HOME>
<SMSO>a.txt 119B 75%                                                                  <RMSO>
<9;8>
<1;8>
<SMSO>34B 78% *<RMSO>
<9;8>
<SMSO><RMSO>
rude fart face<10;1>
butt<EL>
<11;1>
        tab indent<12;1>
-last line-<13;1>
  <14;1>
<SMSO>^D<RMSO>
<10;1>
<SMSO><RMSO>
<HOME>
>                                                                               <1;2>
a.txt<2;1>
<HOME>
<SMSO>a.txt 134B 78%                                                                  <RMSO>
<10;1>
<24;1>
