[H[J[H[J[7mtest/usage.md 2570B                                                             [2;1H[mae 1.3.0[B========[5;1HA minimalist version of `vi(1)`.  It is an example of the "Buffer Gap" method ou[6;1Htlined in the [The Craft Of Text Editing](http://www.finseth.com/craft/) used by[7;2Hmany Emacs style editors.[10;1HUsage[B-----[13;5Hae [filename][B[BRead or create a text file; default filename is `a.txt`.  Text files consists of[16;2Hlines of printable text, tabs, or newline characters.  A physical line can be o[17;1Hf arbitrary length and is delimited by either a newline or the end of file.  Tab[18;2Hstops are every eight columns.  The behaviour of non-printable characters may v[19;1Hary depending on the implementation of the Curses library, `stty(1)` settings, o[20;1Hr terminal emulator.[23;1HCommands[B--------[2;1H[B[B[B[B[B[B[B[B[B[B[B[B[B[B[B[2;1H[24;1H