<CLEAR>
<CLEAR>
<SMSO>a.txt 0B                                                                        <RMSO>
<3;1>
<SMSO>^D<RMSO>
<2;1>
<1;78>
<SMSO>INS<RMSO>
<2;1>
<1;7>
<SMSO>1<RMSO>
<2;1>
Z<1;78>
<SMSO>   <RMSO>
<2;2>
<CR><1;7>
<SMSO>0<RMSO>
<2;1>
 <CR><24;1>
