<CLEAR>
<CLEAR>
<SMSO>a.txt 14B                                                                       <RMSO>
<2;1>
Hello<3;9>
world!<5;1>
<SMSO>^D<RMSO>
<2;1>
     <3;1>
<SMSO>^D<RMSO>
      <EL>
<5;1>
  <2;1>
<2;9>
world!<3;1>
  <4;1>
<SMSO>^D<RMSO>
<2;1>
<1;8>
<SMSO>3<RMSO>
<2;1>
world!  <EL>
<CR>Hello <3;1>
world!<4;1>
  <5;1>
<SMSO>^D<RMSO>
<2;6>
<1;8>
<SMSO>2<RMSO>
<2;6>
world!<3;1>
      <4;1>
<SMSO>^D<RMSO>
<5;1>
  <2;6>
<24;1>
