<CLEAR>
<CLEAR>
<SMSO>a.txt 0B                                                                        <RMSO>
<3;1>
<SMSO>^D<RMSO>
<2;1>
<1;78>
<SMSO>INS<RMSO>
<2;1>
<1;7>
<SMSO>1<RMSO>
<2;1>
H<1;7>
<SMSO>2<RMSO>
<2;2>
e<1;7>
<SMSO>3<RMSO>
<2;3>
l<1;7>
<SMSO>4<RMSO>
<2;4>
l<1;7>
<SMSO>5<RMSO>
<2;5>
o<1;7>
<SMSO>6<RMSO>
<3;1>
  <4;1>
<SMSO>^D<RMSO>
<3;1>
<1;7>
<SMSO>7<RMSO>
<3;9>
<1;7>
<SMSO>8<RMSO>
<3;9>
w<1;7>
<SMSO>9<RMSO>
<3;10>
o<1;7>
<SMSO>10B<RMSO>
<3;11>
r<1;8>
<SMSO>1<RMSO>
<3;12>
l<1;8>
<SMSO>2<RMSO>
<3;13>
d<1;8>
<SMSO>3<RMSO>
<3;14>
!<1;8>
<SMSO>4<RMSO>
<4;1>
  <5;1>
<SMSO>^D<RMSO>
<4;1>
<1;78>
<SMSO>   <RMSO>
<4;1>
<24;1>
